Suspicious network activity detected
Suspicious extension detected: monitor_folder/data.locked
Suspicious network activity detected
Suspicious extension detected: monitor_folder/data.locked
Suspicious network activity detected
Suspicious extension detected: monitor_folder/data.locked
Suspicious network activity detected
Suspicious extension detected: monitor_folder/data.locked
2025-10-12 18:29:11 - File quarantined: test.locked
2025-10-12 18:29:11 - Suspicious extension detected: test.locked
2025-10-12 18:29:11 - File quarantined: test.locked
2025-10-12 18:29:11 - Suspicious extension detected: test.locked
2025-10-12 18:29:11 - File quarantined: test.locked
2025-10-12 18:29:11 - File quarantined: test.locked
2025-10-12 18:29:11 - Suspicious extension detected: test.locked
2025-10-12 18:29:11 - Suspicious extension detected: test.locked
2025-10-12 18:29:14 - Suspicious network activity detected
2025-10-12 18:29:14 - Suspicious network activity detected
2025-10-12 18:29:14 - Suspicious network activity detected
2025-10-12 18:29:14 - Suspicious network activity detected
2025-10-12 18:50:58 - File quarantined: bitcoin.locked
2025-10-12 18:50:58 - File quarantined: bitcoin.locked
2025-10-12 18:50:58 - File quarantined: bitcoin.locked
2025-10-12 18:50:58 - Failed to quarantine file: bitcoin.locked - monitor_folder\bitcoin.locked -> quarantine\bitcoin.locked
2025-10-12 18:50:58 - Suspicious extension detected: bitcoin.locked
2025-10-12 18:50:58 - Suspicious extension detected: bitcoin.locked
2025-10-12 18:50:58 - Suspicious extension detected: bitcoin.locked
2025-10-12 18:50:58 - Suspicious extension detected: bitcoin.locked
2025-10-12 18:50:58 - Suspicious network activity detected
2025-10-12 18:50:58 - Suspicious extension detected: bitcoin.locked
2025-10-12 18:50:58 - Suspicious network activity detected
2025-10-12 18:50:58 - Suspicious network activity detected
2025-10-12 18:50:58 - Suspicious network activity detected
2025-10-12 18:51:00 - Suspicious network activity detected
2025-10-12 18:59:45 - Ransom note found in: monitor_folder\hi.txt
2025-10-12 18:59:45 - Ransom note found in: monitor_folder\hi.txt
2025-10-12 18:59:45 - Ransom note found in: monitor_folder\hi.txt
2025-10-12 18:59:45 - Ransom note found in: monitor_folder\hi.txt
2025-10-12 18:59:45 - Suspicious network activity detected
2025-10-12 18:59:45 - Suspicious network activity detected
2025-10-12 18:59:45 - Suspicious network activity detected
2025-10-12 18:59:45 - Suspicious network activity detected
2025-10-12 19:12:07 - Ransom note found in: monitor_folder\hi.txt
2025-10-12 19:12:07 - Ransom note found in: monitor_folder\hi.txt
2025-10-12 19:12:07 - Ransom note found in: monitor_folder\hi.txt
2025-10-12 19:12:07 - Ransom note found in: monitor_folder\hi.txt
2025-10-12 19:12:07 - Suspicious network activity detected
2025-10-12 19:12:07 - Suspicious network activity detected
2025-10-12 19:12:07 - Ransom note found in: monitor_folder\hi.txt
2025-10-12 19:12:07 - Suspicious network activity detected
2025-10-12 19:12:07 - Suspicious network activity detected
2025-10-12 19:12:08 - Suspicious network activity detected
2025-10-12 19:19:23 - Ransom note found in: monitor_folder\hi.txt
2025-10-12 19:19:23 - Ransom note found in: monitor_folder\hi.txt
2025-10-12 19:19:23 - Ransom note found in: monitor_folder\hi.txt
2025-10-12 19:19:23 - Ransom note found in: monitor_folder\hi.txt
2025-10-12 19:19:23 - Suspicious network activity detected
2025-10-12 19:19:23 - Ransom note found in: monitor_folder\hi.txt
2025-10-12 19:19:23 - Ransom note found in: monitor_folder\hi.txt
2025-10-12 19:19:23 - Suspicious network activity detected
2025-10-12 19:19:23 - Suspicious network activity detected
2025-10-12 19:19:23 - Ransom note found in: monitor_folder\hi.txt
2025-10-12 19:19:23 - Suspicious network activity detected
2025-10-12 19:19:23 - Suspicious network activity detected
2025-10-12 19:19:23 - Suspicious network activity detected
2025-10-12 19:19:25 - Suspicious network activity detected
2025-10-12 19:25:31 - Ransom note found in: monitor_folder\bye.txt
2025-10-12 19:25:31 - Ransom note found in: monitor_folder\bye.txt
2025-10-12 19:25:31 - Ransom note found in: monitor_folder\bye.txt
2025-10-12 19:25:31 - Ransom note found in: monitor_folder\bye.txt
2025-10-12 19:25:31 - Ransom note found in: monitor_folder\bye.txt
2025-10-12 19:25:31 - Ransom note found in: monitor_folder\bye.txt
2025-10-12 19:25:31 - Suspicious network activity detected
2025-10-12 19:25:31 - Suspicious network activity detected
2025-10-12 19:25:31 - Ransom note found in: monitor_folder\bye.txt
2025-10-12 19:25:31 - Suspicious network activity detected
2025-10-12 19:25:32 - Suspicious network activity detected
2025-10-12 19:25:32 - Suspicious network activity detected
2025-10-12 19:25:32 - Suspicious network activity detected
2025-10-12 19:25:33 - Suspicious network activity detected
2025-10-12 21:30:51 - Ransom note found in: monitor_folder\read.txt
2025-10-12 21:30:53 - Suspicious network activity detected
2025-10-12 21:34:45 - Ransom note found in: monitor_folder\read.txt
2025-10-12 21:34:47 - Suspicious network activity detected
2025-10-12 21:46:32 - Failed to quarantine file: read.txt - monitor_folder\read.txt -> quarantine\read.txt: The process cannot access the file because it is being used by another process
2025-10-12 21:46:32 - Ransom note found in: monitor_folder\read.txt
2025-10-12 21:46:34 - Suspicious network activity detected
2025-10-12 21:50:04 - Ransom note found in: monitor_folder\hiWorld.txt
2025-10-12 21:50:04 - Ransom note found in: monitor_folder\hiWorld.txt
2025-10-12 21:50:04 - Suspicious network activity detected
2025-10-12 21:50:04 - Suspicious network activity detected
2025-10-12 21:50:04 - File quarantined: hiWorld.txt
2025-10-12 21:50:04 - Ransom note found in: monitor_folder\hiWorld.txt
2025-10-12 21:50:05 - Suspicious network activity detected
2025-10-16 20:44:58 - File quarantined: Hi.txt
2025-10-16 20:44:58 - Ransom note found in: monitor_folder\Hi.txt
2025-10-16 20:45:00 - Suspicious network activity detected
2025-10-16 21:30:38 - File quarantined: hi.txt
2025-10-16 21:30:38 - Ransom note found in: monitor_folder\hi.txt
2025-10-16 21:30:41 - Suspicious network activity detected
2025-10-16 22:09:11 - Failed to quarantine file: hi.txt - quarantine\hi.txt
2025-10-16 22:09:11 - Ransom note found in: monitor_folder\hi.txt
2025-10-16 22:09:11 - File quarantined: hi.txt
2025-10-16 22:09:11 - Ransom note found in: monitor_folder\hi.txt
2025-10-16 22:09:13 - Suspicious network activity detected
2025-10-16 22:09:13 - Suspicious network activity detected
2025-10-16 22:10:11 - File quarantined: ransom.locked
2025-10-16 22:10:11 - Suspicious extension detected: ransom.locked
2025-10-16 22:10:11 - Suspicious extension detected: ransom.locked
2025-10-16 22:10:11 - Suspicious network activity detected
2025-10-16 22:10:11 - Suspicious network activity detected
2025-10-16 22:10:11 - Suspicious extension detected: ransom.locked
2025-10-16 22:10:13 - Suspicious network activity detected
2025-10-16 22:13:00 - File quarantined: hi.txt
2025-10-16 22:13:00 - Ransom note found in: monitor_folder\hi.txt
2025-10-16 22:13:00 - Suspicious network activity detected
2025-10-16 22:20:31 - File quarantined: hi.txt
2025-10-16 22:20:31 - Ransom note found in: monitor_folder\hi.txt
2025-10-16 22:20:33 - Suspicious network activity detected
2025-10-16 22:25:39 - File quarantined: hi.txt
2025-10-16 22:25:40 - Suspicious network activity detected
2025-10-16 22:28:46 - File quarantined: hiWorld.txt
2025-10-16 22:28:46 - Ransom note found in: monitor_folder\hiWorld.txt
2025-10-16 22:28:48 - Suspicious network activity detected
2025-10-16 22:29:36 - File quarantined: ransom.locked
2025-10-16 22:29:36 - Suspicious extension detected: ransom.locked
2025-10-16 22:29:36 - Suspicious network activity detected
2025-10-17 02:24:18 - File quarantined: Hi.txt
2025-10-17 02:24:18 - Ransom note found in: monitor_folder\Hi.txt
2025-10-17 02:24:18 - Suspicious network activity detected
2025-10-17 02:24:18 - File quarantined: Hi.txt
2025-10-17 02:24:18 - Ransom note found in: monitor_folder\Hi.txt
2025-10-17 02:24:18 - Failed to quarantine file: Hi.txt - monitor_folder\Hi.txt -> quarantine\Hi.txt
2025-10-17 02:24:18 - Ransom note found in: monitor_folder\Hi.txt
2025-10-17 02:24:20 - Suspicious network activity detected
2025-10-17 02:24:20 - Suspicious network activity detected
2025-10-17 02:38:54 - Failed to quarantine file: hi.txt - quarantine\hi.txt
2025-10-17 02:38:54 - Ransom note found in: monitor_folder\hi.txt
2025-10-17 02:38:54 - File quarantined: hi.txt
2025-10-17 02:38:54 - Ransom note found in: monitor_folder\hi.txt
2025-10-17 02:38:54 - Failed to quarantine file: hi.txt - quarantine\hi.txt
2025-10-17 02:38:54 - Ransom note found in: monitor_folder\hi.txt
2025-10-17 02:38:54 - Suspicious network activity detected
2025-10-17 02:38:54 - Suspicious network activity detected
2025-10-17 02:38:54 - Failed to quarantine file: hi.txt - monitor_folder\hi.txt
2025-10-17 02:38:54 - Ransom note found in: monitor_folder\hi.txt
2025-10-17 02:38:54 - Suspicious network activity detected
2025-10-17 02:38:56 - Suspicious network activity detected
2025-10-17 02:48:19 - File quarantined: bye.txt
2025-10-17 02:48:19 - Ransom note found in: monitor_folder\bye.txt
2025-10-17 02:48:21 - Suspicious network activity detected
2025-10-17 02:54:59 - File quarantined: hi.txt
2025-10-17 02:54:59 - Ransom note found in: monitor_folder\hi.txt
2025-10-17 02:55:01 - Suspicious network activity detected
2025-10-17 02:57:54 - File quarantined: hi.txt
2025-10-17 02:57:54 - Ransom note found in: monitor_folder\hi.txt
2025-10-17 02:57:56 - Suspicious network activity detected
2025-10-17 03:05:42 - File quarantined: hi.txt
2025-10-17 03:05:42 - Ransom note found in: monitor_folder\hi.txt
2025-10-17 03:05:44 - Suspicious network activity detected
2025-10-17 03:09:17 - File quarantined: hi.txt
2025-10-17 03:09:17 - Ransom note found in: monitor_folder\hi.txt
2025-10-17 03:09:19 - Suspicious network activity detected
2025-10-17 03:15:38 - File quarantined: bitcoin.locked
2025-10-17 03:15:38 - Suspicious extension detected: bitcoin.locked
2025-10-17 03:15:40 - Suspicious network activity detected
2025-10-17 03:16:35 - File quarantined: hiW.txt
2025-10-17 03:16:35 - Ransom note found in: monitor_folder\hiW.txt
2025-10-17 03:16:35 - Suspicious network activity detected
2025-10-17 04:22:58 - File quarantined: HI.txt
2025-10-17 04:22:58 - Ransom note found in: monitor_folder\HI.txt
2025-10-17 04:23:01 - Suspicious network activity detected
2025-10-17 08:22:12 - File quarantined: Bye.txt
2025-10-17 08:22:12 - Ransom note found in: monitor_folder\Bye.txt
2025-10-17 08:22:15 - Suspicious network activity detected
2025-10-17 08:30:23 - File quarantined: hi.txt
2025-10-17 08:30:23 - Ransom note found in: monitor_folder\hi.txt
2025-10-17 08:30:27 - Suspicious network activity detected
2025-10-17 08:53:21 - File quarantined: hi.txt
2025-10-17 08:53:21 - Ransom note found in: monitor_folder\hi.txt
2025-10-17 08:53:23 - Suspicious network activity detected
